2025-02-08 08:08:04,909 - auth_token - INFO - .....creating new token .....
2025-02-08 08:08:04,910 - auth_token - INFO - paylaod ---- {'email': 'sample@gmail.com', 'role': 'user'}
2025-02-08 08:08:04,910 - auth_token - INFO - .....creating new token .....
2025-02-08 08:08:04,910 - auth_token - INFO - paylaod ---- {'email': 'sample@gmail.com', 'role': 'user'}
2025-02-08 16:03:57,271 - auth_token - INFO - .....creating new token .....
2025-02-08 16:03:57,272 - auth_token - INFO - paylaod ---- {'email': '1@gmail.com', 'role': 'user'}
2025-02-08 16:03:57,272 - auth_token - INFO - .....creating new token .....
2025-02-08 16:03:57,273 - auth_token - INFO - paylaod ---- {'email': '1@gmail.com', 'role': 'user'}
2025-02-08 16:05:22,363 - auth_token - INFO - .....creating new token .....
2025-02-08 16:05:22,363 - auth_token - INFO - paylaod ---- {'email': '11@gmail.com', 'role': 'user'}
2025-02-08 16:05:22,364 - auth_token - INFO - .....creating new token .....
2025-02-08 16:05:22,365 - auth_token - INFO - paylaod ---- {'email': '11@gmail.com', 'role': 'user'}
2025-02-08 16:07:47,505 - auth_token - INFO - .....creating new token .....
2025-02-08 16:07:47,506 - auth_token - INFO - paylaod ---- {'email': '11@gmail.com', 'role': <RoleEnum.user: 'user'>}
2025-02-08 16:07:47,506 - auth_token - INFO - .....creating new token .....
2025-02-08 16:07:47,506 - auth_token - INFO - paylaod ---- {'email': '11@gmail.com', 'role': <RoleEnum.user: 'user'>}
2025-02-08 16:14:14,766 - auth_token - INFO - .....creating new token .....
2025-02-08 16:14:14,767 - auth_token - INFO - paylaod ---- {'email': '11@gmail.com', 'role': <RoleEnum.user: 'user'>}
2025-02-08 16:14:14,768 - auth_token - INFO - .....creating new token .....
2025-02-08 16:14:14,768 - auth_token - INFO - paylaod ---- {'email': '11@gmail.com', 'role': <RoleEnum.user: 'user'>}
2025-02-08 16:22:40,480 - auth_token - INFO - .....creating new token .....
2025-02-08 16:22:40,480 - auth_token - INFO - paylaod ---- {'email': '11@gmail.com', 'role': <RoleEnum.user: 'user'>}
2025-02-08 16:22:40,480 - auth_token - INFO - .....creating new token .....
2025-02-08 16:22:40,480 - auth_token - INFO - paylaod ---- {'email': '11@gmail.com', 'role': <RoleEnum.user: 'user'>}
2025-02-08 16:24:37,985 - auth_token - INFO - .....creating new token .....
2025-02-08 16:24:37,985 - auth_token - INFO - paylaod ---- {'email': 'nandhakumarselva2000@gmail.com', 'role': <RoleEnum.user: 'user'>}
2025-02-08 16:24:37,985 - auth_token - INFO - .....creating new token .....
2025-02-08 16:24:37,985 - auth_token - INFO - paylaod ---- {'email': 'nandhakumarselva2000@gmail.com', 'role': <RoleEnum.user: 'user'>}
2025-02-08 16:31:43,885 - auth_token - INFO - .....creating new token .....
2025-02-08 16:31:43,886 - auth_token - INFO - paylaod ---- {'email': 'nandhakumarselva2000@gmail.com', 'role': <RoleEnum.user: 'user'>}
2025-02-08 16:31:43,886 - auth_token - INFO - .....creating new token .....
2025-02-08 16:31:43,886 - auth_token - INFO - paylaod ---- {'email': 'nandhakumarselva2000@gmail.com', 'role': <RoleEnum.user: 'user'>}
2025-02-08 16:31:52,172 - auth_token - INFO - .....creating new token .....
2025-02-08 16:31:52,172 - auth_token - INFO - paylaod ---- {'email': 'nandhakumarselva2000@gmail.com', 'role': <RoleEnum.user: 'user'>}
2025-02-08 16:31:52,172 - auth_token - INFO - .....creating new token .....
2025-02-08 16:31:52,173 - auth_token - INFO - paylaod ---- {'email': 'nandhakumarselva2000@gmail.com', 'role': <RoleEnum.user: 'user'>}
2025-02-08 16:32:19,889 - auth_token - INFO - .....creating new token .....
2025-02-08 16:32:19,889 - auth_token - INFO - paylaod ---- {'email': 'nandhakumarselva2000@gmail.com', 'role': <RoleEnum.user: 'user'>}
2025-02-08 16:32:19,889 - auth_token - INFO - .....creating new token .....
2025-02-08 16:32:19,889 - auth_token - INFO - paylaod ---- {'email': 'nandhakumarselva2000@gmail.com', 'role': <RoleEnum.user: 'user'>}
