2025-01-30 10:28:02,948 - auth_token - INFO - .....creating new token .....
2025-01-30 10:28:02,948 - auth_token - INFO - paylaod ---- {'email': 'nandhakumarselva2000@gmail.com', 'role': <RoleEnum.user: 'user'>}
2025-01-30 10:28:02,948 - auth_token - INFO - .....creating new token .....
2025-01-30 10:28:02,948 - auth_token - INFO - paylaod ---- {'email': 'nandhakumarselva2000@gmail.com', 'role': <RoleEnum.user: 'user'>}
2025-01-30 10:37:05,697 - auth_token - INFO - .....creating new token .....
2025-01-30 10:37:05,699 - auth_token - INFO - paylaod ---- {'email': 'nandhakumarselva2000@gmail.com', 'role': <RoleEnum.user: 'user'>}
2025-01-30 10:37:05,699 - auth_token - INFO - .....creating new token .....
2025-01-30 10:37:05,699 - auth_token - INFO - paylaod ---- {'email': 'nandhakumarselva2000@gmail.com', 'role': <RoleEnum.user: 'user'>}
2025-01-30 15:29:14,408 - auth_token - INFO - .....creating new token .....
2025-01-30 15:29:14,409 - auth_token - INFO - paylaod ---- {'email': 'nandhakumarselva2000@gmail.com', 'role': <RoleEnum.user: 'user'>}
2025-01-30 15:29:18,378 - auth_token - INFO - .....creating new token .....
2025-01-30 15:29:18,378 - auth_token - INFO - paylaod ---- {'email': 'nandhakumarselva2000@gmail.com', 'role': <RoleEnum.user: 'user'>}
2025-01-30 15:35:37,750 - auth_token - INFO - Validating token: eyJhbGciOiJIUzI1NiIsInR5cCI6IkpXVCJ9.eyJlbWFpbCI6Im5hbmRoYWt1bWFyc2VsdmEyMDAwQGdtYWlsLmNvbSIsInJvbGUiOiJ1c2VyIiwiZXhwIjoxNzM4MjQ5MzAzfQ.m7ZwsEOuofS5jbcpqgizS6cPB4ReV_y_GN1MwJnKRqg
2025-01-30 15:35:37,751 - auth_token - INFO - Decoded token: {'email': 'nandhakumarselva2000@gmail.com', 'role': 'user', 'exp': 1738249303}
2025-01-30 15:35:37,753 - auth_token - INFO - Validating token: eyJhbGciOiJIUzI1NiIsInR5cCI6IkpXVCJ9.eyJlbWFpbCI6Im5hbmRoYWt1bWFyc2VsdmEyMDAwQGdtYWlsLmNvbSIsInJvbGUiOiJ1c2VyIiwiZXhwIjoxNzM4MjQ5MzAzfQ.m7ZwsEOuofS5jbcpqgizS6cPB4ReV_y_GN1MwJnKRqg
2025-01-30 15:35:37,754 - auth_token - INFO - Decoded token: {'email': 'nandhakumarselva2000@gmail.com', 'role': 'user', 'exp': 1738249303}
2025-01-30 15:38:08,526 - auth_token - INFO - .....creating new token .....
2025-01-30 15:38:08,527 - auth_token - INFO - paylaod ---- {'email': 'nandhakumarselva2000@gmail.com', 'role': <RoleEnum.user: 'user'>}
2025-01-30 15:38:44,202 - auth_token - INFO - Validating token: eyJhbGciOiJIUzI1NiIsInR5cCI6IkpXVCJ9.eyJlbWFpbCI6Im5hbmRoYWt1bWFyc2VsdmEyMDAwQGdtYWlsLmNvbSIsInJvbGUiOiJ1c2VyIiwiZXhwIjoxNzM4MjQ5Njg4fQ.uG12ZdvQ_ibui69ezeNx1sOPIFATacterbj0izL19ug
2025-01-30 15:38:44,202 - auth_token - INFO - Decoded token: {'email': 'nandhakumarselva2000@gmail.com', 'role': 'user', 'exp': 1738249688}
2025-01-30 15:38:44,204 - auth_token - INFO - Validating token: eyJhbGciOiJIUzI1NiIsInR5cCI6IkpXVCJ9.eyJlbWFpbCI6Im5hbmRoYWt1bWFyc2VsdmEyMDAwQGdtYWlsLmNvbSIsInJvbGUiOiJ1c2VyIiwiZXhwIjoxNzM4MjQ5Njg4fQ.uG12ZdvQ_ibui69ezeNx1sOPIFATacterbj0izL19ug
2025-01-30 15:38:44,205 - auth_token - INFO - Decoded token: {'email': 'nandhakumarselva2000@gmail.com', 'role': 'user', 'exp': 1738249688}
